Looking in indexes: https://pypi.tuna.tsinghua.edu.cn/simple
Collecting librosa
  Downloading librosa-0.11.0-py3-none-any.whl (260 kB)
Collecting soundfile
  Downloading soundfile-0.14.0-py2.py3-none-manylinux_2_28_x86_64.whl (1.3 MB)
     ━━━━━━━━━━━━━━━━━━━━━━━━━━━━━━━━━━━━━━━━ 1.3/1.3 MB 614.4 kB/s  0:00:02
Collecting praat-parselmouth
  Downloading praat_parselmouth-0.4.7-cp311-cp311-manylinux2014_x86_64.manylinux_2_17_x86_64.whl (10.8 MB)
     ━━━━━━━━━━━━━━━━━━━━━━━━━━━━━━━━━━━━━━━━ 10.8/10.8 MB 5.4 MB/s  0:00:02
Collecting mediapipe
  Downloading mediapipe-1.0.1-py3-none-manylinux_2_28_x86_64.whl (37.9 MB)
     ━━━━━━━━━━━━━━━━━━━━━━━━━━━━━━━━━━━━━━━━ 37.9/37.9 MB 3.7 MB/s  0:00:10
Collecting opencv-python-headless
  Downloading opencv_python_headless-5.0.0.93-cp37-abi3-manylinux_2_28_x86_64.whl (61.2 MB)
     ━━━━━━━━━━━━━━━━━━━━━━━━━━━━━━━━━━━━━━━━ 61.2/61.2 MB 3.7 MB/s  0:00:16
Collecting audioread>=2.1.9 (from librosa)
  Downloading audioread-3.1.0-py3-none-any.whl (23 kB)
Collecting numba>=0.51.0 (from librosa)
  Downloading numba-0.67.0-cp311-cp311-manylinux2014_x86_64.manylinux_2_17_x86_64.whl (3.8 MB)
     ━━━━━━━━━━━━━━━━━━━━━━━━━━━━━━━━━━━━━━━━ 3.8/3.8 MB 3.6 MB/s  0:00:01
Requirement already satisfied: numpy>=1.22.3 in /home/daishuheng/miniconda3/envs/mosei/lib/python3.11/site-packages (from librosa) (2.4.6)
Requirement already satisfied: scipy>=1.6.0 in /home/daishuheng/miniconda3/envs/mosei/lib/python3.11/site-packages (from librosa) (1.17.1)
Requirement already satisfied: scikit-learn>=1.1.0 in /home/daishuheng/miniconda3/envs/mosei/lib/python3.11/site-packages (from librosa) (1.9.1)
Requirement already satisfied: joblib>=1.0 in /home/daishuheng/miniconda3/envs/mosei/lib/python3.11/site-packages (from librosa) (1.6.0)
Collecting decorator>=4.3.0 (from librosa)
  Downloading decorator-5.3.1-py3-none-any.whl (10 kB)
Collecting pooch>=1.1 (from librosa)
  Downloading pooch-1.9.0-py3-none-any.whl (67 kB)
Collecting soxr>=0.3.2 (from librosa)
  Downloading soxr-1.1.0-cp311-cp311-manylinux_2_27_x86_64.manylinux_2_28_x86_64.whl (245 kB)
Requirement already satisfied: typing_extensions>=4.1.1 in /home/daishuheng/miniconda3/envs/mosei/lib/python3.11/site-packages (from librosa) (4.16.0)
Collecting lazy_loader>=0.1 (from librosa)
  Downloading lazy_loader-0.6-py3-none-any.whl (8.8 kB)
Collecting msgpack>=1.0 (from librosa)
  Downloading msgpack-1.2.2-cp311-cp311-manylinux2014_x86_64.manylinux_2_17_x86_64.manylinux_2_28_x86_64.whl (422 kB)
Collecting cffi>=1.0 (from soundfile)
  Downloading cffi-2.1.1-cp311-cp311-manylinux2014_x86_64.manylinux_2_17_x86_64.whl (217 kB)
Collecting absl-py~=2.3 (from mediapipe)
  Downloading absl_py-2.5.0-py3-none-any.whl (137 kB)
Requirement already satisfied: certifi in /home/daishuheng/miniconda3/envs/mosei/lib/python3.11/site-packages (from mediapipe) (2026.7.22)
Collecting sounddevice~=0.5 (from mediapipe)
  Downloading sounddevice-0.5.6-py3-none-any.whl (32 kB)
Collecting flatbuffers~=25.9 (from mediapipe)
  Downloading flatbuffers-25.12.19-py2.py3-none-any.whl (26 kB)
Collecting opencv-contrib-python (from mediapipe)
  Downloading opencv_contrib_python-5.0.0.93-cp37-abi3-manylinux_2_28_x86_64.whl (82.1 MB)
     ━━━━━━━━━━━━━━━━━━━━━━━━━━━━━━━━━━━━━━━━ 82.1/82.1 MB 471.2 kB/s  0:01:50
Requirement already satisfied: matplotlib in /home/daishuheng/miniconda3/envs/mosei/lib/python3.11/site-packages (from mediapipe) (3.11.2)
Collecting pycparser (from cffi>=1.0->soundfile)
  Downloading pycparser-3.0-py3-none-any.whl (48 kB)
Requirement already satisfied: cloudpickle>=3.0 in /home/daishuheng/miniconda3/envs/mosei/lib/python3.11/site-packages (from joblib>=1.0->librosa) (3.1.2)
Requirement already satisfied: packaging in /home/daishuheng/miniconda3/envs/mosei/lib/python3.11/site-packages (from lazy_loader>=0.1->librosa) (26.3)
Collecting llvmlite<0.50,>=0.49.0dev0 (from numba>=0.51.0->librosa)
  Downloading llvmlite-0.49.0-cp311-cp311-manylinux2014_x86_64.manylinux_2_17_x86_64.whl (59.9 MB)
     ━━━━━━━━━━━━━━━━━━━━━━━━━━━━━━━━━━━━━━━━ 59.9/59.9 MB 495.7 kB/s  0:02:00
Collecting platformdirs>=2.5.0 (from pooch>=1.1->librosa)
  Downloading platformdirs-4.11.12-py3-none-any.whl (24 kB)
Collecting requests>=2.19.0 (from pooch>=1.1->librosa)
  Downloading requests-2.34.2-py3-none-any.whl (73 kB)
Collecting charset_normalizer<4,>=2 (from requests>=2.19.0->pooch>=1.1->librosa)
  Downloading charset_normalizer-3.5.1-cp311-cp311-manylinux2014_x86_64.manylinux_2_17_x86_64.manylinux_2_28_x86_64.whl (262 kB)
Requirement already satisfied: idna<4,>=2.5 in /home/daishuheng/miniconda3/envs/mosei/lib/python3.11/site-packages (from requests>=2.19.0->pooch>=1.1->librosa) (3.20)
Collecting urllib3<3,>=1.26 (from requests>=2.19.0->pooch>=1.1->librosa)
  Downloading urllib3-2.8.0-py3-none-any.whl (135 kB)
Requirement already satisfied: narwhals>=2.0.1 in /home/daishuheng/miniconda3/envs/mosei/lib/python3.11/site-packages (from scikit-learn>=1.1.0->librosa) (2.26.0)
Requirement already satisfied: threadpoolctl>=3.5.0 in /home/daishuheng/miniconda3/envs/mosei/lib/python3.11/site-packages (from scikit-learn>=1.1.0->librosa) (3.7.0)
Requirement already satisfied: contourpy>=1.0.1 in /home/daishuheng/miniconda3/envs/mosei/lib/python3.11/site-packages (from matplotlib->mediapipe) (1.3.3)
Requirement already satisfied: cycler>=0.10 in /home/daishuheng/miniconda3/envs/mosei/lib/python3.11/site-packages (from matplotlib->mediapipe) (0.12.1)
Requirement already satisfied: fonttools>=4.28.2 in /home/daishuheng/miniconda3/envs/mosei/lib/python3.11/site-packages (from matplotlib->mediapipe) (4.66.0)
Requirement already satisfied: kiwisolver>=1.3.1 in /home/daishuheng/miniconda3/envs/mosei/lib/python3.11/site-packages (from matplotlib->mediapipe) (1.5.1)
Requirement already satisfied: pillow>=9 in /home/daishuheng/miniconda3/envs/mosei/lib/python3.11/site-packages (from matplotlib->mediapipe) (12.3.0)
Requirement already satisfied: pyparsing>=3 in /home/daishuheng/miniconda3/envs/mosei/lib/python3.11/site-packages (from matplotlib->mediapipe) (3.3.3)
Requirement already satisfied: python-dateutil>=2.7 in /home/daishuheng/miniconda3/envs/mosei/lib/python3.11/site-packages (from matplotlib->mediapipe) (2.9.0.post0)
Requirement already satisfied: six>=1.5 in /home/daishuheng/miniconda3/envs/mosei/lib/python3.11/site-packages (from python-dateutil>=2.7->matplotlib->mediapipe) (1.17.0)
Installing collected packages: flatbuffers, urllib3, soxr, pycparser, praat-parselmouth, platformdirs, opencv-python-headless, opencv-contrib-python, msgpack, llvmlite, lazy_loader, decorator, charset_normalizer, audioread, absl-py, requests, numba, cffi, soundfile, sounddevice, pooch, mediapipe, librosa

Successfully installed absl-py-2.5.0 audioread-3.1.0 cffi-2.1.1 charset_normalizer-3.5.1 decorator-5.3.1 flatbuffers-25.12.19 lazy_loader-0.6 librosa-0.11.0 llvmlite-0.49.0 mediapipe-1.0.1 msgpack-1.2.2 numba-0.67.0 opencv-contrib-python-5.0.0.93 opencv-python-headless-5.0.0.93 platformdirs-4.11.12 pooch-1.9.0 praat-parselmouth-0.4.7 pycparser-3.0 requests-2.34.2 sounddevice-0.5.6 soundfile-0.14.0 soxr-1.1.0 urllib3-2.8.0
