Loading weights:   0%|          | 0/39 [00:00<?, ?it/s]Loading weights: 100%|██████████| 39/39 [00:00<00:00, 22795.13it/s]
[transformers] [1mBertModel LOAD REPORT[0m from: /home/daishuheng/math_competition/models/bert-tiny
Key                                        | Status     |  | 
-------------------------------------------+------------+--+-
cls.predictions.decoder.weight             | UNEXPECTED |  | 
cls.predictions.transform.dense.bias       | UNEXPECTED |  | 
cls.predictions.decoder.bias               | UNEXPECTED |  | 
cls.seq_relationship.bias                  | UNEXPECTED |  | 
cls.predictions.transform.LayerNorm.bias   | UNEXPECTED |  | 
cls.predictions.transform.dense.weight     | UNEXPECTED |  | 
cls.predictions.transform.LayerNorm.weight | UNEXPECTED |  | 
cls.predictions.bias                       | UNEXPECTED |  | 
cls.seq_relationship.weight                | UNEXPECTED |  | 

Notes:
- UNEXPECTED:	can be ignored when loading from different task/architecture; not ok if you expect identical arch.
class weights: [1.1699999570846558, 1.4930000305175781, 0.6779999732971191]
[ep 01] loss 1.5352 | clean F1 0.5050 Acc 0.5234 MAE 0.7548 r 0.4448 | corrupt F1 0.4974 MAE 0.7729 *
[ep 02] loss 1.3981 | clean F1 0.4814 Acc 0.5673 MAE 0.6888 r 0.4988 | corrupt F1 0.4603 MAE 0.6964
[ep 03] loss 1.3061 | clean F1 0.5148 Acc 0.5810 MAE 0.6814 r 0.5434 | corrupt F1 0.4814 MAE 0.6937 *
[ep 04] loss 1.2070 | clean F1 0.5615 Acc 0.5824 MAE 0.6563 r 0.5612 | corrupt F1 0.5410 MAE 0.6587 *
[ep 05] loss 1.1662 | clean F1 0.5493 Acc 0.5536 MAE 0.6708 r 0.5401 | corrupt F1 0.5442 MAE 0.6691
[ep 06] loss 1.1206 | clean F1 0.5671 Acc 0.5893 MAE 0.6950 r 0.5747 | corrupt F1 0.5406 MAE 0.6923 *
[ep 07] loss 1.0442 | clean F1 0.5629 Acc 0.5755 MAE 0.6570 r 0.5562 | corrupt F1 0.5399 MAE 0.6654
[ep 08] loss 1.0125 | clean F1 0.5594 Acc 0.5755 MAE 0.6687 r 0.5794 | corrupt F1 0.5523 MAE 0.6729
[ep 09] loss 0.9761 | clean F1 0.5600 Acc 0.5865 MAE 0.6512 r 0.5686 | corrupt F1 0.5484 MAE 0.6618
[ep 10] loss 0.9133 | clean F1 0.5560 Acc 0.5701 MAE 0.6690 r 0.5685 | corrupt F1 0.5360 MAE 0.6752
[ep 11] loss 0.8945 | clean F1 0.5659 Acc 0.5920 MAE 0.6824 r 0.5651 | corrupt F1 0.5418 MAE 0.6924
[ep 12] loss 0.8478 | clean F1 0.5511 Acc 0.5618 MAE 0.6857 r 0.5521 | corrupt F1 0.5352 MAE 0.6933
[ep 13] loss 0.8374 | clean F1 0.5538 Acc 0.5701 MAE 0.6760 r 0.5510 | corrupt F1 0.5414 MAE 0.6906
[ep 14] loss 0.7947 | clean F1 0.5457 Acc 0.5591 MAE 0.7043 r 0.5512 | corrupt F1 0.5437 MAE 0.7200
early stop at ep 14 (best ep 6)
{
  "valid_clean": {
    "Accuracy": 0.5892857142857143,
    "MacroF1": 0.5670728524964344,
    "WeightedF1": 0.58819358526116,
    "MAE": 0.6950169801712036,
    "Pearson": 0.5746981550633568,
    "head_agreement": 0.739010989010989,
    "gate_mean": [
      0.7329747676849365,
      0.12169085443019867,
      0.1453346163034439
    ]
  },
  "valid_corrupt20": {
    "Accuracy": 0.5659340659340659,
    "MacroF1": 0.5405946836880305,
    "WeightedF1": 0.563068990859169,
    "MAE": 0.6922824382781982,
    "Pearson": 0.5639968735092556,
    "head_agreement": 0.7417582417582418,
    "gate_mean": [
      0.716004490852356,
      0.13232941925525665,
      0.15166620910167694
    ]
  }
}
